C:\Users\nxf63523\Documents\Especialidad\Seguridad y Software\SecurityWorkspace\frdmk64f_mbedtls_benchmark\drivers/fsl_common_arm.h:579:24:DisableGlobalIRQ	8	static
C:\Users\nxf63523\Documents\Especialidad\Seguridad y Software\SecurityWorkspace\frdmk64f_mbedtls_benchmark\drivers/fsl_common_arm.h:606:20:EnableGlobalIRQ	16	static
../component/lists/fsl_component_generic_list.c:32:22:LIST_Error_Check	16	static
../component/lists/fsl_component_generic_list.c:80:6:LIST_Init	8	static
../component/lists/fsl_component_generic_list.c:103:15:LIST_GetList	8	static
../component/lists/fsl_component_generic_list.c:124:15:LIST_AddTail	24	static
../component/lists/fsl_component_generic_list.c:170:15:LIST_AddHead	24	static
../component/lists/fsl_component_generic_list.c:216:23:LIST_RemoveHead	24	static
../component/lists/fsl_component_generic_list.c:264:23:LIST_GetHead	8	static
../component/lists/fsl_component_generic_list.c:284:23:LIST_GetNext	8	static
../component/lists/fsl_component_generic_list.c:304:23:LIST_GetPrev	8	static
../component/lists/fsl_component_generic_list.c:328:15:LIST_RemoveElement	32	static
../component/lists/fsl_component_generic_list.c:399:15:LIST_AddPrevElement	32	static
../component/lists/fsl_component_generic_list.c:471:10:LIST_GetSize	8	static
../component/lists/fsl_component_generic_list.c:490:10:LIST_GetAvailableSize	8	static
