C:\Users\nxf63523\Documents\Especialidad\Seguridad y Software\SecurityWorkspace\frdmk64f_mbedtls_benchmark\drivers/fsl_clock.h:889:20:CLOCK_SetSimSafeDivs	0	static
C:\Users\nxf63523\Documents\Especialidad\Seguridad y Software\SecurityWorkspace\frdmk64f_mbedtls_benchmark\drivers/fsl_clock.h:1229:20:CLOCK_SetXtal0Freq	8	static
C:\Users\nxf63523\Documents\Especialidad\Seguridad y Software\SecurityWorkspace\frdmk64f_mbedtls_benchmark\drivers/fsl_smc.h:256:20:SMC_SetPowerModeProtection	8	static
C:\Users\nxf63523\Documents\Especialidad\Seguridad y Software\SecurityWorkspace\frdmk64f_mbedtls_benchmark\drivers/fsl_smc.h:275:33:SMC_GetPowerModeState	8	static
../board/clock_config.c:82:13:CLOCK_CONFIG_SetFllExtRefDiv	8	static
../board/clock_config.c:90:6:BOARD_InitBootClocks	8	static
../board/clock_config.c:185:6:BOARD_BootClockRUN	8	static
../board/clock_config.c:285:6:BOARD_BootClockVLPR	8	static
