C:\Users\nxf63523\Documents\Especialidad\Seguridad y Software\SecurityWorkspace\frdmk64f_mbedtls_benchmark\mbedtls\include/mbedtls/cipher.h:497:28:mbedtls_cipher_get_block_size	8	static
C:\Users\nxf63523\Documents\Especialidad\Seguridad y Software\SecurityWorkspace\frdmk64f_mbedtls_benchmark\mbedtls\include/mbedtls/cipher.h:536:19:mbedtls_cipher_get_iv_size	8	static
../mbedtls/library/cipher.c:83:12:mbedtls_constant_time_memcmp	32	static
../mbedtls/library/cipher.c:100:12:mbedtls_cipher_list	8	static
../mbedtls/library/cipher.c:121:30:mbedtls_cipher_info_from_type	16	static
../mbedtls/library/cipher.c:133:30:mbedtls_cipher_info_from_string	24	static
../mbedtls/library/cipher.c:148:30:mbedtls_cipher_info_from_values	16	static
../mbedtls/library/cipher.c:164:6:mbedtls_cipher_init	16	static
../mbedtls/library/cipher.c:170:6:mbedtls_cipher_free	16	static
../mbedtls/library/cipher.c:213:5:mbedtls_cipher_setup	16	static
../mbedtls/library/cipher.c:273:5:mbedtls_cipher_setkey	24	static
../mbedtls/library/cipher.c:371:5:mbedtls_cipher_set_iv	32	static
../mbedtls/library/cipher.c:427:5:mbedtls_cipher_reset	8	static
../mbedtls/library/cipher.c:448:5:mbedtls_cipher_update_ad	32	static
../mbedtls/library/cipher.c:499:5:mbedtls_cipher_update	64	static
../mbedtls/library/cipher.c:749:13:add_pkcs_padding	24	static
../mbedtls/library/cipher.c:759:12:get_pkcs_padding	32	static
../mbedtls/library/cipher.c:789:13:add_one_and_zeros_padding	24	static
../mbedtls/library/cipher.c:800:12:get_one_and_zeros_padding	24	static
../mbedtls/library/cipher.c:828:13:add_zeros_and_len_padding	24	static
../mbedtls/library/cipher.c:839:12:get_zeros_and_len_padding	32	static
../mbedtls/library/cipher.c:868:13:add_zeros_padding	24	static
../mbedtls/library/cipher.c:877:12:get_zeros_padding	24	static
../mbedtls/library/cipher.c:904:12:get_no_padding	16	static
../mbedtls/library/cipher.c:916:5:mbedtls_cipher_finish	48	static
../mbedtls/library/cipher.c:1017:5:mbedtls_cipher_set_padding_mode	8	static
../mbedtls/library/cipher.c:1080:5:mbedtls_cipher_write_tag	24	static
../mbedtls/library/cipher.c:1122:5:mbedtls_cipher_check_tag	48	static
../mbedtls/library/cipher.c:1198:5:mbedtls_cipher_crypt	40	static
../mbedtls/library/cipher.c:1294:12:mbedtls_cipher_aead_encrypt	56	static
../mbedtls/library/cipher.c:1374:12:mbedtls_cipher_aead_decrypt	56	static
../mbedtls/library/cipher.c:1476:5:mbedtls_cipher_auth_encrypt	56	static
../mbedtls/library/cipher.c:1499:5:mbedtls_cipher_auth_decrypt	56	static
../mbedtls/library/cipher.c:1525:5:mbedtls_cipher_auth_encrypt_ext	64	static
../mbedtls/library/cipher.c:1581:5:mbedtls_cipher_auth_decrypt_ext	56	static
