C:\Users\nxf63523\Documents\Especialidad\Seguridad y Software\SecurityWorkspace\frdmk64f_mbedtls_benchmark\mbedtls\include/mbedtls/pk.h:212:36:mbedtls_pk_rsa	8	static
C:\Users\nxf63523\Documents\Especialidad\Seguridad y Software\SecurityWorkspace\frdmk64f_mbedtls_benchmark\mbedtls\include/mbedtls/pk.h:225:36:mbedtls_pk_ec	8	static
C:\Users\nxf63523\Documents\Especialidad\Seguridad y Software\SecurityWorkspace\frdmk64f_mbedtls_benchmark\mbedtls\include/mbedtls/error.h:157:19:mbedtls_error_add	16	static
../mbedtls/library/pkparse.c:183:12:pk_get_ecparams	32	static
../mbedtls/library/pkparse.c:239:12:pk_group_from_specified	48	static
../mbedtls/library/pkparse.c:384:12:pk_group_id_from_group	152	static
../mbedtls/library/pkparse.c:428:12:pk_group_id_from_specified	144	static
../mbedtls/library/pkparse.c:456:12:pk_use_ecparams	24	static
../mbedtls/library/pkparse.c:495:12:pk_get_ecpubkey	32	static
../mbedtls/library/pkparse.c:522:12:pk_get_rsapubkey	64	static
../mbedtls/library/pkparse.c:577:12:pk_get_pk_alg	40	static
../mbedtls/library/pkparse.c:610:5:mbedtls_pk_parse_subpubkey	56	static
../mbedtls/library/pkparse.c:685:12:asn1_get_nonzero_mpi	32	static
../mbedtls/library/pkparse.c:704:12:pk_parse_key_pkcs1_der	64	static
../mbedtls/library/pkparse.c:861:12:pk_parse_key_sec1_der	72	static
../mbedtls/library/pkparse.c:999:12:pk_parse_key_pkcs8_unencrypted_der	64	static
../mbedtls/library/pkparse.c:1096:12:pk_parse_key_pkcs8_encrypted_der	112	static
../mbedtls/library/pkparse.c:1216:5:mbedtls_pk_parse_key	72	static
../mbedtls/library/pkparse.c:1429:5:mbedtls_pk_parse_public_key	72	static
