C:\Users\nxf63523\Documents\Especialidad\Seguridad y Software\SecurityWorkspace\frdmk64f_mbedtls_benchmark\mbedtls\include/mbedtls/error.h:157:19:mbedtls_error_add	16	static
../mbedtls/library/rsa.c:77:19:mbedtls_safer_memcmp	32	static
../mbedtls/library/rsa.c:91:5:mbedtls_rsa_import	32	static
../mbedtls/library/rsa.c:114:5:mbedtls_rsa_import_raw	32	static
../mbedtls/library/rsa.c:155:12:rsa_check_context	24	static
../mbedtls/library/rsa.c:243:5:mbedtls_rsa_complete	88	static
../mbedtls/library/rsa.c:347:5:mbedtls_rsa_export_raw	32	static
../mbedtls/library/rsa.c:395:5:mbedtls_rsa_export	32	static
../mbedtls/library/rsa.c:440:5:mbedtls_rsa_export_crt	32	static
../mbedtls/library/rsa.c:480:6:mbedtls_rsa_init	24	static
../mbedtls/library/rsa.c:503:6:mbedtls_rsa_set_padding	16	static
../mbedtls/library/rsa.c:518:8:mbedtls_rsa_get_len	8	static
../mbedtls/library/rsa.c:532:5:mbedtls_rsa_gen_key	88	static
../mbedtls/library/rsa.c:652:5:mbedtls_rsa_check_pubkey	16	static
../mbedtls/library/rsa.c:677:5:mbedtls_rsa_check_privkey	40	static
../mbedtls/library/rsa.c:707:5:mbedtls_rsa_check_pub_priv	16	static
../mbedtls/library/rsa.c:733:5:mbedtls_rsa_public	56	static
../mbedtls/library/rsa.c:789:12:rsa_prepare_blinding	56	static
../mbedtls/library/rsa.c:872:5:mbedtls_rsa_private	168	static
../mbedtls/library/rsa.c:1109:12:mgf_mask	112	static
../mbedtls/library/rsa.c:1161:5:mbedtls_rsa_rsaes_oaep_encrypt	64	static
../mbedtls/library/rsa.c:1250:5:mbedtls_rsa_rsaes_pkcs1_v15_encrypt	56	static
../mbedtls/library/rsa.c:1322:5:mbedtls_rsa_pkcs1_encrypt	48	static
../mbedtls/library/rsa.c:1358:5:mbedtls_rsa_rsaes_oaep_decrypt	656	static
../mbedtls/library/rsa.c:1507:17:all_or_nothing_int	8	static
../mbedtls/library/rsa.c:1531:17:size_greater_than	8	static
../mbedtls/library/rsa.c:1547:17:if_int	32	static
../mbedtls/library/rsa.c:1569:13:mem_move_to_left	48	static
../mbedtls/library/rsa.c:1596:5:mbedtls_rsa_rsaes_pkcs1_v15_decrypt	584	static
../mbedtls/library/rsa.c:1768:5:mbedtls_rsa_pkcs1_decrypt	48	static
../mbedtls/library/rsa.c:1804:12:rsa_rsassa_pss_sign	88	static
../mbedtls/library/rsa.c:1940:5:mbedtls_rsa_rsassa_pss_sign_ext	48	static
../mbedtls/library/rsa.c:1957:5:mbedtls_rsa_rsassa_pss_sign	48	static
../mbedtls/library/rsa.c:1994:12:rsa_rsassa_pkcs1_v15_encode	48	static
../mbedtls/library/rsa.c:2109:5:mbedtls_rsa_rsassa_pkcs1_v15_sign	48	static
../mbedtls/library/rsa.c:2189:5:mbedtls_rsa_pkcs1_sign	40	static
../mbedtls/library/rsa.c:2229:5:mbedtls_rsa_rsassa_pss_verify_ext	664	static
../mbedtls/library/rsa.c:2379:5:mbedtls_rsa_rsassa_pss_verify	56	static
../mbedtls/library/rsa.c:2413:5:mbedtls_rsa_rsassa_pkcs1_v15_verify	48	static
../mbedtls/library/rsa.c:2496:5:mbedtls_rsa_pkcs1_verify	40	static
../mbedtls/library/rsa.c:2535:5:mbedtls_rsa_copy	24	static
../mbedtls/library/rsa.c:2576:6:mbedtls_rsa_free	16	static
../mbedtls/library/rsa.c:2654:12:myrand	32	static
../mbedtls/library/rsa.c:2678:5:mbedtls_rsa_self_test	424	static
