C:\Users\nxf63523\Documents\Especialidad\Seguridad y Software\SecurityWorkspace\frdmk64f_mbedtls_benchmark\mbedtls\include/mbedtls/ssl_internal.h:331:19:mbedtls_ssl_chk_buf_ptr	16	static
C:\Users\nxf63523\Documents\Especialidad\Seguridad y Software\SecurityWorkspace\frdmk64f_mbedtls_benchmark\mbedtls\include/mbedtls/ssl_internal.h:1216:19:mbedtls_ssl_safer_memcmp	32	static
../mbedtls/library/ssl_cookie.c:74:6:mbedtls_ssl_cookie_init	16	static
../mbedtls/library/ssl_cookie.c:87:6:mbedtls_ssl_cookie_set_timeout	8	static
../mbedtls/library/ssl_cookie.c:92:6:mbedtls_ssl_cookie_free	16	static
../mbedtls/library/ssl_cookie.c:103:5:mbedtls_ssl_cookie_setup	64	static
../mbedtls/library/ssl_cookie.c:129:12:ssl_cookie_hmac	56	static
../mbedtls/library/ssl_cookie.c:155:5:mbedtls_ssl_cookie_write	48	static
../mbedtls/library/ssl_cookie.c:200:5:mbedtls_ssl_cookie_check	80	static
