C:\Users\nxf63523\Documents\Especialidad\Seguridad y Software\SecurityWorkspace\frdmk64f_mbedtls_benchmark\mbedtls\include/mbedtls/pk.h:225:36:mbedtls_pk_ec	8	static
C:\Users\nxf63523\Documents\Especialidad\Seguridad y Software\SecurityWorkspace\frdmk64f_mbedtls_benchmark\mbedtls\include/mbedtls/ssl_ciphersuites.h:470:19:mbedtls_ssl_ciphersuite_cert_req_allowed	8	static
C:\Users\nxf63523\Documents\Especialidad\Seguridad y Software\SecurityWorkspace\frdmk64f_mbedtls_benchmark\mbedtls\include/mbedtls/ssl_ciphersuites.h:537:19:mbedtls_ssl_ciphersuite_uses_server_signature	8	static
C:\Users\nxf63523\Documents\Especialidad\Seguridad y Software\SecurityWorkspace\frdmk64f_mbedtls_benchmark\mbedtls\include/mbedtls/ssl_internal.h:331:19:mbedtls_ssl_chk_buf_ptr	16	static
C:\Users\nxf63523\Documents\Especialidad\Seguridad y Software\SecurityWorkspace\frdmk64f_mbedtls_benchmark\mbedtls\include/mbedtls/ssl_internal.h:1121:35:mbedtls_ssl_own_key	16	static
C:\Users\nxf63523\Documents\Especialidad\Seguridad y Software\SecurityWorkspace\frdmk64f_mbedtls_benchmark\mbedtls\include/mbedtls/ssl_internal.h:1133:33:mbedtls_ssl_own_cert	16	static
C:\Users\nxf63523\Documents\Especialidad\Seguridad y Software\SecurityWorkspace\frdmk64f_mbedtls_benchmark\mbedtls\include/mbedtls/ssl_internal.h:1188:22:mbedtls_ssl_hs_hdr_len	8	static
C:\Users\nxf63523\Documents\Especialidad\Seguridad y Software\SecurityWorkspace\frdmk64f_mbedtls_benchmark\mbedtls\include/mbedtls/ssl_internal.h:1216:19:mbedtls_ssl_safer_memcmp	32	static
../mbedtls/library/ssl_cli.c:54:12:ssl_conf_has_static_psk	8	static
../mbedtls/library/ssl_cli.c:92:12:ssl_write_hostname_ext	32	static
../mbedtls/library/ssl_cli.c:161:12:ssl_write_renegotiation_ext	32	static
../mbedtls/library/ssl_cli.c:206:12:ssl_write_signature_algorithms_ext	40	static
../mbedtls/library/ssl_cli.c:304:12:ssl_write_supported_elliptic_curves_ext	48	static
../mbedtls/library/ssl_cli.c:377:12:ssl_write_supported_point_formats_ext	32	static
../mbedtls/library/ssl_cli.c:529:12:ssl_write_max_fragment_length_ext	32	static
../mbedtls/library/ssl_cli.c:563:12:ssl_write_truncated_hmac_ext	32	static
../mbedtls/library/ssl_cli.c:593:12:ssl_write_encrypt_then_mac_ext	32	static
../mbedtls/library/ssl_cli.c:624:12:ssl_write_extended_ms_ext	32	static
../mbedtls/library/ssl_cli.c:657:12:ssl_write_session_ticket_ext	32	static
../mbedtls/library/ssl_cli.c:699:12:ssl_write_alpn_ext	40	static
../mbedtls/library/ssl_cli.c:882:12:ssl_generate_random	24	static
../mbedtls/library/ssl_cli.c:933:12:ssl_validate_ciphersuite	24	static
../mbedtls/library/ssl_cli.c:976:12:ssl_write_client_hello	72	static
../mbedtls/library/ssl_cli.c:1467:12:ssl_parse_renegotiation_info	24	static
../mbedtls/library/ssl_cli.c:1511:12:ssl_parse_max_fragment_length_ext	24	static
../mbedtls/library/ssl_cli.c:1537:12:ssl_parse_truncated_hmac_ext	24	static
../mbedtls/library/ssl_cli.c:1618:12:ssl_parse_encrypt_then_mac_ext	24	static
../mbedtls/library/ssl_cli.c:1644:12:ssl_parse_extended_ms_ext	24	static
../mbedtls/library/ssl_cli.c:1670:12:ssl_parse_session_ticket_ext	24	static
../mbedtls/library/ssl_cli.c:1696:12:ssl_parse_supported_point_formats_ext	32	static
../mbedtls/library/ssl_cli.c:1775:12:ssl_parse_alpn_ext	40	static
../mbedtls/library/ssl_cli.c:1965:12:ssl_parse_hello_verify_request	32	static
../mbedtls/library/ssl_cli.c:2048:12:ssl_parse_server_hello	64	static
../mbedtls/library/ssl_cli.c:2608:12:ssl_parse_server_dh_params	32	static
../mbedtls/library/ssl_cli.c:2654:12:ssl_check_server_ecdh_params	24	static
../mbedtls/library/ssl_cli.c:2757:12:ssl_parse_server_ecdh_params	32	static
../mbedtls/library/ssl_cli.c:2796:12:ssl_parse_server_psk_hint	24	static
../mbedtls/library/ssl_cli.c:2842:12:ssl_write_encrypted_pms	56	static
../mbedtls/library/ssl_cli.c:2930:12:ssl_parse_signature_algorithm	24	static
../mbedtls/library/ssl_cli.c:2996:12:ssl_get_ecdh_params_from_cert	32	static
../mbedtls/library/ssl_cli.c:3047:12:ssl_parse_server_key_exchange	144	static
../mbedtls/library/ssl_cli.c:3467:12:ssl_parse_certificate_request	48	static
../mbedtls/library/ssl_cli.c:3638:12:ssl_parse_server_hello_done	24	static
../mbedtls/library/ssl_cli.c:3677:12:ssl_write_client_key_exchange	48	static
../mbedtls/library/ssl_cli.c:4120:12:ssl_write_certificate_verify	128	static
../mbedtls/library/ssl_cli.c:4293:12:ssl_parse_new_session_ticket	40	static
../mbedtls/library/ssl_cli.c:4412:5:mbedtls_ssl_handshake_client_step	24	static
